  Determining projects to restore...
  Restored c:\Users\CooKu\Desktop\Material\LearningNotes\Yangzai Workshop\YangzaiWorkshop.csproj (in 284 ms).
C:\Program Files\dotnet\sdk\8.0.422\Microsoft.Common.CurrentVersion.targets(5321,5): warning MSB3026: Could not copy "c:\Users\CooKu\Desktop\Material\LearningNotes\Yangzai Workshop\obj\Debug\net8.0-windows\apphost.exe" to "bin\Debug\net8.0-windows\YangzaiWorkshop.exe". Beginning retry 1 in 1000ms. The process cannot access the file 'c:\Users\CooKu\Desktop\Material\LearningNotes\Yangzai Workshop\bin\Debug\net8.0-windows\YangzaiWorkshop.exe' because it is being used by another process. The file is locked by: "YangzaiWorkshop (2040)" [c:\Users\CooKu\Desktop\Material\LearningNotes\Yangzai Workshop\YangzaiWorkshop.csproj]
C:\Program Files\dotnet\sdk\8.0.422\Microsoft.Common.CurrentVersion.targets(5321,5): warning MSB3026: Could not copy "c:\Users\CooKu\Desktop\Material\LearningNotes\Yangzai Workshop\obj\Debug\net8.0-windows\apphost.exe" to "bin\Debug\net8.0-windows\YangzaiWorkshop.exe". Beginning retry 2 in 1000ms. The process cannot access the file 'c:\Users\CooKu\Desktop\Material\LearningNotes\Yangzai Workshop\bin\Debug\net8.0-windows\YangzaiWorkshop.exe' because it is being used by another process. The file is locked by: "YangzaiWorkshop.exe (2040)" [c:\Users\CooKu\Desktop\Material\LearningNotes\Yangzai Workshop\YangzaiWorkshop.csproj]
  YangzaiWorkshop -> c:\Users\CooKu\Desktop\Material\LearningNotes\Yangzai Workshop\bin\Debug\net8.0-windows\YangzaiWorkshop.dll

Build succeeded.

C:\Program Files\dotnet\sdk\8.0.422\Microsoft.Common.CurrentVersion.targets(5321,5): warning MSB3026: Could not copy "c:\Users\CooKu\Desktop\Material\LearningNotes\Yangzai Workshop\obj\Debug\net8.0-windows\apphost.exe" to "bin\Debug\net8.0-windows\YangzaiWorkshop.exe". Beginning retry 1 in 1000ms. The process cannot access the file 'c:\Users\CooKu\Desktop\Material\LearningNotes\Yangzai Workshop\bin\Debug\net8.0-windows\YangzaiWorkshop.exe' because it is being used by another process. The file is locked by: "YangzaiWorkshop (2040)" [c:\Users\CooKu\Desktop\Material\LearningNotes\Yangzai Workshop\YangzaiWorkshop.csproj]
C:\Program Files\dotnet\sdk\8.0.422\Microsoft.Common.CurrentVersion.targets(5321,5): warning MSB3026: Could not copy "c:\Users\CooKu\Desktop\Material\LearningNotes\Yangzai Workshop\obj\Debug\net8.0-windows\apphost.exe" to "bin\Debug\net8.0-windows\YangzaiWorkshop.exe". Beginning retry 2 in 1000ms. The process cannot access the file 'c:\Users\CooKu\Desktop\Material\LearningNotes\Yangzai Workshop\bin\Debug\net8.0-windows\YangzaiWorkshop.exe' because it is being used by another process. The file is locked by: "YangzaiWorkshop.exe (2040)" [c:\Users\CooKu\Desktop\Material\LearningNotes\Yangzai Workshop\YangzaiWorkshop.csproj]
    2 Warning(s)
    0 Error(s)

Time Elapsed 00:00:04.60
